******************************************************************************
                  TI ARM Linker PC v15.12.7                    
******************************************************************************
>> Linked Sat Dec 08 15:00:00 2018

OUTPUT FILE NAME:   <Lab3.out>
ENTRY POINT SYMBOL: "_c_int00"  address: 00000ef9


MEMORY CONFIGURATION

         name            origin    length      used     unused   attr    fill
----------------------  --------  ---------  --------  --------  ----  --------
  FLASH                 00000000   00040000  0000138e  0003ec72  R  X
  SRAM                  20000000   00008000  00000250  00007db0  RW X


SEGMENT ALLOCATION MAP

run origin  load origin   length   init length attrs members
----------  ----------- ---------- ----------- ----- -------
00000000    00000000    00001394   00001394    r-x
  00000000    00000000    0000026c   0000026c    r-- .intvecs
  0000026c    0000026c    00000f72   00000f72    r-x .text
  000011e0    000011e0    0000016c   0000016c    r-- .const
  00001350    00001350    00000044   00000044    r-- .cinit
20000000    20000000    00000250   00000000    rw-
  20000000    20000000    00000200   00000000    rw- .stack
  20000200    20000200    0000004c   00000000    rw- .data
  2000024c    2000024c    00000004   00000000    rw- .bss


SECTION ALLOCATION MAP

 output                                  attributes/
section   page    origin      length       input sections
--------  ----  ----------  ----------   ----------------
.intvecs   0    00000000    0000026c     
                  00000000    0000026c     tm4c123gh6pm_startup_ccs.obj (.intvecs)

.text      0    0000026c    00000f72     
                  0000026c    00000698     main.obj (.text)
                  00000904    00000132     driverlib.lib : gpio.obj (.text:GPIOPadConfigSet)
                  00000a36    00000002     rtsv7M4_T_le_v4SPD16_eabi.lib : mpu_init.obj (.text)
                  00000a38    00000110     driverlib.lib : sysctl.obj (.text:SysCtlClockGet)
                  00000b48    000000f4                   : sysctl.obj (.text:SysCtlClockSet)
                  00000c3c    0000009c     rtsv7M4_T_le_v4SPD16_eabi.lib : memcpy_t2.obj (.text)
                  00000cd8    0000007a                                   : memset_t2.obj (.text)
                  00000d52    00000002                                   : startup.obj (.text)
                  00000d54    00000070                                   : autoinit.obj (.text)
                  00000dc4    0000006a                                   : copy_decompress_rle.obj (.text)
                  00000e2e    00000002     --HOLE-- [fill = 0]
                  00000e30    00000068     driverlib.lib : interrupt.obj (.text:IntEnable)
                  00000e98    00000060                   : timer.obj (.text:TimerConfigure)
                  00000ef8    00000054     rtsv7M4_T_le_v4SPD16_eabi.lib : boot.obj (.text)
                  00000f4c    00000054                                   : exit.obj (.text)
                  00000fa0    0000004c                                   : cpy_tbl.obj (.text)
                  00000fec    00000048     driverlib.lib : gpio.obj (.text:GPIOPinConfigure)
                  00001034    00000034                   : sysctl.obj (.text:SysCtlPeripheralEnable)
                  00001068    0000002a                   : gpio.obj (.text:GPIODirModeSet)
                  00001092    00000022                   : pwm.obj (.text:PWMGenConfigure)
                  000010b4    0000001e                   : pwm.obj (.text:PWMPulseWidthSet)
                  000010d2    00000002     --HOLE-- [fill = 0]
                  000010d4    00000018     rtsv7M4_T_le_v4SPD16_eabi.lib : args_main.obj (.text)
                  000010ec    00000014     driverlib.lib : sysctl.obj (.text:SysCtlPWMClockSet)
                  00001100    00000014     rtsv7M4_T_le_v4SPD16_eabi.lib : _lock.obj (.text)
                  00001114    00000012     driverlib.lib : gpio.obj (.text:GPIOPinTypeGPIOInput)
                  00001126    00000012                   : gpio.obj (.text:GPIOPinTypePWM)
                  00001138    00000012                   : pwm.obj (.text:PWMOutputState)
                  0000114a    00000012                   : timer.obj (.text:TimerLoadSet)
                  0000115c    00000010                   : interrupt.obj (.text:IntMasterEnable)
                  0000116c    00000010                   : pwm.obj (.text:PWMGenPeriodSet)
                  0000117c    0000000e                   : timer.obj (.text:TimerEnable)
                  0000118a    0000000e     rtsv7M4_T_le_v4SPD16_eabi.lib : copy_decompress_none.obj (.text:decompress:none)
                  00001198    0000000c     driverlib.lib : cpu.obj (.text:CPUcpsie)
                  000011a4    0000000c                   : pwm.obj (.text:PWMGenEnable)
                  000011b0    0000000c     tm4c123gh6pm_startup_ccs.obj (.text)
                  000011bc    00000008     driverlib.lib : timer.obj (.text:TimerIntEnable)
                  000011c4    00000006                   : gpio.obj (.text:GPIOPinRead)
                  000011ca    00000006                   : sysctl.obj (.text:SysCtlDelay)
                  000011d0    00000006     rtsv7M4_T_le_v4SPD16_eabi.lib : copy_decompress_rle.obj (.text:decompress:rle24)
                  000011d6    00000004     driverlib.lib : timer.obj (.text:TimerIntClear)
                  000011da    00000004     rtsv7M4_T_le_v4SPD16_eabi.lib : pre_init.obj (.text)

.const     0    000011e0    0000016c     
                  000011e0    00000090     driverlib.lib : gpio.obj (.const:g_pui32GPIOBaseAddrs)
                  00001270    00000070                   : interrupt.obj (.const)
                  000012e0    0000006c                   : sysctl.obj (.const:g_pui32Xtals)

.cinit     0    00001350    00000044     
                  00001350    0000001a     (.cinit..data.load) [load image, compression = rle]
                  0000136a    00000006     --HOLE-- [fill = 0]
                  00001370    00000009     (.cinit..bss.load) [load image, compression = rle]
                  00001379    00000003     --HOLE-- [fill = 0]
                  0000137c    00000008     (__TI_handler_table)
                  00001384    00000010     (__TI_cinit_table)

.init_array 
*          0    00000000    00000000     UNINITIALIZED

.stack     0    20000000    00000200     UNINITIALIZED
                  20000000    00000200     --HOLE--

.data      0    20000200    0000004c     UNINITIALIZED
                  20000200    00000034     main.obj (.data)
                  20000234    0000000c     rtsv7M4_T_le_v4SPD16_eabi.lib : exit.obj (.data:$O1$$)
                  20000240    00000008                                   : _lock.obj (.data:$O1$$)
                  20000248    00000004                                   : stkdepth_vars.obj (.data)

.bss       0    2000024c    00000004     UNINITIALIZED
                  2000024c    00000004     (.common:mode)

MODULE SUMMARY

       Module                         code   ro data   rw data
       ------                         ----   -------   -------
    .\
       main.obj                       1688   0         56     
       tm4c123gh6pm_startup_ccs.obj   12     620       0      
    +--+------------------------------+------+---------+---------+
       Total:                         1700   620       56     
                                                              
    H:/ti/TivaWare_C_Series-2.1.2.111/driverlib/ccs/Debug/driverlib.lib
       sysctl.obj                     594    108       0      
       gpio.obj                       462    144       0      
       interrupt.obj                  120    112       0      
       timer.obj                      140    0         0      
       pwm.obj                        110    0         0      
       cpu.obj                        12     0         0      
    +--+------------------------------+------+---------+---------+
       Total:                         1438   364       0      
                                                              
    H:\ti\ccsv6\tools\compiler\ti-cgt-arm_15.12.7.LTS\lib\rtsv7M4_T_le_v4SPD16_eabi.lib
       memcpy_t2.obj                  156    0         0      
       memset_t2.obj                  122    0         0      
       autoinit.obj                   112    0         0      
       copy_decompress_rle.obj        112    0         0      
       exit.obj                       84     0         12     
       boot.obj                       84     0         0      
       cpy_tbl.obj                    76     0         0      
       _lock.obj                      20     0         8      
       args_main.obj                  24     0         0      
       copy_decompress_none.obj       14     0         0      
       pre_init.obj                   4      0         0      
       stkdepth_vars.obj              0      0         4      
       mpu_init.obj                   2      0         0      
       startup.obj                    2      0         0      
    +--+------------------------------+------+---------+---------+
       Total:                         812    0         24     
                                                              
       Stack:                         0      0         512    
       Linker Generated:              0      59        0      
    +--+------------------------------+------+---------+---------+
       Grand Total:                   3950   1043      592    


LINKER GENERATED COPY TABLES

__TI_cinit_table @ 00001384 records: 2, size/record: 8, table size: 16
	.data: load addr=00001350, load size=0000001a bytes, run addr=20000200, run size=0000004c bytes, compression=rle
	.bss: load addr=00001370, load size=00000009 bytes, run addr=2000024c, run size=00000004 bytes, compression=rle


LINKER GENERATED HANDLER TABLE

__TI_handler_table @ 0000137c records: 2, size/record: 4, table size: 8
	index: 0, handler: __TI_decompress_rle24
	index: 1, handler: __TI_decompress_none


GLOBAL SYMBOLS: SORTED ALPHABETICALLY BY Name 

address   name                           
-------   ----                           
2000022c  B                              
00000f4d  C$$EXIT                        
00001199  CPUcpsie                       
20000228  G                              
00001069  GPIODirModeSet                 
00000905  GPIOPadConfigSet               
00000fed  GPIOPinConfigure               
000011c5  GPIOPinRead                    
00001115  GPIOPinTypeGPIOInput           
00001127  GPIOPinTypePWM                 
00000e31  IntEnable                      
0000115d  IntMasterEnable                
00001093  PWMGenConfigure                
000011a5  PWMGenEnable                   
0000116d  PWMGenPeriodSet                
00001139  PWMOutputState                 
000010b5  PWMPulseWidthSet               
20000224  R                              
000011b1  ResetISR                       
UNDEFED   SHT$$INIT_ARRAY$$Base          
UNDEFED   SHT$$INIT_ARRAY$$Limit         
00000a39  SysCtlClockGet                 
00000b49  SysCtlClockSet                 
000011cb  SysCtlDelay                    
000010ed  SysCtlPWMClockSet              
00001035  SysCtlPeripheralEnable         
00000739  Timer0IntHandler               
00000e99  TimerConfigure                 
0000117d  TimerEnable                    
000011d7  TimerIntClear                  
000011bd  TimerIntEnable                 
0000114b  TimerLoadSet                   
20000200  __STACK_END                    
00000200  __STACK_SIZE                   
20000200  __STACK_TOP                    
00001384  __TI_CINIT_Base                
00001394  __TI_CINIT_Limit               
0000137c  __TI_Handler_Table_Base        
00001384  __TI_Handler_Table_Limit       
00000d55  __TI_auto_init                 
20000234  __TI_cleanup_ptr               
0000118b  __TI_decompress_none           
000011d1  __TI_decompress_rle24          
20000238  __TI_dtors_ptr                 
2000023c  __TI_enable_exit_profile_output
ffffffff  __TI_pprof_out_hndl            
ffffffff  __TI_prof_data_size            
ffffffff  __TI_prof_data_start           
00000000  __TI_static_base__             
00000cd9  __aeabi_memclr                 
00000cd9  __aeabi_memclr4                
00000cd9  __aeabi_memclr8                
00000c3d  __aeabi_memcpy                 
00000c3d  __aeabi_memcpy4                
00000c3d  __aeabi_memcpy8                
00000cdb  __aeabi_memset                 
00000cdb  __aeabi_memset4                
00000cdb  __aeabi_memset8                
ffffffff  __binit__                      
ffffffff  __c_args__                     
00000a37  __mpu_init                     
20000000  __stack                        
000010d5  _args_main                     
00000ef9  _c_int00                       
20000240  _lock                          
0000110f  _nop                           
00001107  _register_lock                 
00001101  _register_unlock               
00000d53  _system_post_cinit             
000011db  _system_pre_init               
20000244  _unlock                        
00000f51  abort                          
ffffffff  binit                          
00000fa1  copy_in                        
00000f59  exit                           
20000200  flag1                          
20000204  flag2                          
20000210  flag_1                         
20000214  flag_2                         
00000000  g_pfnVectors                   
0000026d  main                           
20000248  main_func_sp                   
00000c3d  memcpy                         
00000ce1  memset                         
2000024c  mode                           
20000218  pressTime1                     
2000021c  pressTime2                     
20000230  state                          
20000208  state1                         
2000020c  state2                         
20000220  vector                         


GLOBAL SYMBOLS: SORTED BY Symbol Address 

address   name                           
-------   ----                           
00000000  __TI_static_base__             
00000000  g_pfnVectors                   
00000200  __STACK_SIZE                   
0000026d  main                           
00000739  Timer0IntHandler               
00000905  GPIOPadConfigSet               
00000a37  __mpu_init                     
00000a39  SysCtlClockGet                 
00000b49  SysCtlClockSet                 
00000c3d  __aeabi_memcpy                 
00000c3d  __aeabi_memcpy4                
00000c3d  __aeabi_memcpy8                
00000c3d  memcpy                         
00000cd9  __aeabi_memclr                 
00000cd9  __aeabi_memclr4                
00000cd9  __aeabi_memclr8                
00000cdb  __aeabi_memset                 
00000cdb  __aeabi_memset4                
00000cdb  __aeabi_memset8                
00000ce1  memset                         
00000d53  _system_post_cinit             
00000d55  __TI_auto_init                 
00000e31  IntEnable                      
00000e99  TimerConfigure                 
00000ef9  _c_int00                       
00000f4d  C$$EXIT                        
00000f51  abort                          
00000f59  exit                           
00000fa1  copy_in                        
00000fed  GPIOPinConfigure               
00001035  SysCtlPeripheralEnable         
00001069  GPIODirModeSet                 
00001093  PWMGenConfigure                
000010b5  PWMPulseWidthSet               
000010d5  _args_main                     
000010ed  SysCtlPWMClockSet              
00001101  _register_unlock               
00001107  _register_lock                 
0000110f  _nop                           
00001115  GPIOPinTypeGPIOInput           
00001127  GPIOPinTypePWM                 
00001139  PWMOutputState                 
0000114b  TimerLoadSet                   
0000115d  IntMasterEnable                
0000116d  PWMGenPeriodSet                
0000117d  TimerEnable                    
0000118b  __TI_decompress_none           
00001199  CPUcpsie                       
000011a5  PWMGenEnable                   
000011b1  ResetISR                       
000011bd  TimerIntEnable                 
000011c5  GPIOPinRead                    
000011cb  SysCtlDelay                    
000011d1  __TI_decompress_rle24          
000011d7  TimerIntClear                  
000011db  _system_pre_init               
0000137c  __TI_Handler_Table_Base        
00001384  __TI_CINIT_Base                
00001384  __TI_Handler_Table_Limit       
00001394  __TI_CINIT_Limit               
20000000  __stack                        
20000200  __STACK_END                    
20000200  __STACK_TOP                    
20000200  flag1                          
20000204  flag2                          
20000208  state1                         
2000020c  state2                         
20000210  flag_1                         
20000214  flag_2                         
20000218  pressTime1                     
2000021c  pressTime2                     
20000220  vector                         
20000224  R                              
20000228  G                              
2000022c  B                              
20000230  state                          
20000234  __TI_cleanup_ptr               
20000238  __TI_dtors_ptr                 
2000023c  __TI_enable_exit_profile_output
20000240  _lock                          
20000244  _unlock                        
20000248  main_func_sp                   
2000024c  mode                           
ffffffff  __TI_pprof_out_hndl            
ffffffff  __TI_prof_data_size            
ffffffff  __TI_prof_data_start           
ffffffff  __binit__                      
ffffffff  __c_args__                     
ffffffff  binit                          
UNDEFED   SHT$$INIT_ARRAY$$Base          
UNDEFED   SHT$$INIT_ARRAY$$Limit         

[91 symbols]
