******************************************************************************
                  TI ARM Linker PC v15.12.3                    
******************************************************************************
>> Linked Wed Dec 05 16:52:46 2018

OUTPUT FILE NAME:   <Lab2.out>
ENTRY POINT SYMBOL: "_c_int00"  address: 00000991


MEMORY CONFIGURATION

         name            origin    length      used     unused   attr    fill
----------------------  --------  ---------  --------  --------  ----  --------
  FLASH                 00000000   00040000  00000cbc  0003f344  R  X
  SRAM                  20000000   00008000  00000084  00007f7c  RW X


SEGMENT ALLOCATION MAP

run origin  load origin   length   init length attrs members
----------  ----------- ---------- ----------- ----- -------
00000000    00000000    00000cc0   00000cc0    r-x
  00000000    00000000    0000026c   0000026c    r-- .intvecs
  0000026c    0000026c    0000094c   0000094c    r-x .text
  00000bb8    00000bb8    000000dc   000000dc    r-- .const
  00000c98    00000c98    00000028   00000028    r-- .cinit
20000000    20000000    00000084   00000000    rw-
  20000000    20000000    00000064   00000000    rw- .stack
  20000064    20000064    00000020   00000000    rw- .data


SECTION ALLOCATION MAP

 output                                  attributes/
section   page    origin      length       input sections
--------  ----  ----------  ----------   ----------------
.intvecs   0    00000000    0000026c     
                  00000000    0000026c     tm4c123gh6pm_startup_ccs.obj (.intvecs)

.text      0    0000026c    0000094c     
                  0000026c    00000132     driverlib.lib : gpio.obj (.text:GPIOPadConfigSet)
                  0000039e    00000002     rtsv7M4_T_le_v4SPD16_eabi.lib : mpu_init.obj (.text)
                  000003a0    00000130     main.obj (.text)
                  000004d0    00000110     driverlib.lib : sysctl.obj (.text:SysCtlClockGet)
                  000005e0    000000f4                   : sysctl.obj (.text:SysCtlClockSet)
                  000006d4    0000009c     rtsv7M4_T_le_v4SPD16_eabi.lib : memcpy_t2.obj (.text)
                  00000770    0000007a                                   : memset_t2.obj (.text)
                  000007ea    00000002                                   : startup.obj (.text)
                  000007ec    00000070                                   : autoinit.obj (.text)
                  0000085c    0000006a                                   : copy_decompress_rle.obj (.text)
                  000008c6    00000002     --HOLE-- [fill = 0]
                  000008c8    00000068     driverlib.lib : interrupt.obj (.text:IntEnable)
                  00000930    00000060                   : timer.obj (.text:TimerConfigure)
                  00000990    00000054     rtsv7M4_T_le_v4SPD16_eabi.lib : boot.obj (.text)
                  000009e4    00000054                                   : exit.obj (.text)
                  00000a38    0000004c                                   : cpy_tbl.obj (.text)
                  00000a84    00000034     driverlib.lib : sysctl.obj (.text:SysCtlPeripheralEnable)
                  00000ab8    0000002a                   : gpio.obj (.text:GPIODirModeSet)
                  00000ae2    00000018                   : gpio.obj (.text:GPIOPinTypeGPIOOutput)
                  00000afa    00000002     --HOLE-- [fill = 0]
                  00000afc    00000018     rtsv7M4_T_le_v4SPD16_eabi.lib : args_main.obj (.text)
                  00000b14    00000014                                   : _lock.obj (.text)
                  00000b28    00000012     driverlib.lib : gpio.obj (.text:GPIOPinTypeGPIOInput)
                  00000b3a    00000012                   : timer.obj (.text:TimerLoadSet)
                  00000b4c    00000010                   : interrupt.obj (.text:IntMasterEnable)
                  00000b5c    0000000e                   : timer.obj (.text:TimerEnable)
                  00000b6a    0000000e     rtsv7M4_T_le_v4SPD16_eabi.lib : copy_decompress_none.obj (.text:decompress:none)
                  00000b78    0000000c     driverlib.lib : cpu.obj (.text:CPUcpsie)
                  00000b84    0000000c     tm4c123gh6pm_startup_ccs.obj (.text)
                  00000b90    00000008     driverlib.lib : timer.obj (.text:TimerIntEnable)
                  00000b98    00000006                   : gpio.obj (.text:GPIOPinRead)
                  00000b9e    00000006                   : gpio.obj (.text:GPIOPinWrite)
                  00000ba4    00000006                   : sysctl.obj (.text:SysCtlDelay)
                  00000baa    00000006     rtsv7M4_T_le_v4SPD16_eabi.lib : copy_decompress_rle.obj (.text:decompress:rle24)
                  00000bb0    00000004     driverlib.lib : timer.obj (.text:TimerIntClear)
                  00000bb4    00000004     rtsv7M4_T_le_v4SPD16_eabi.lib : pre_init.obj (.text)

.const     0    00000bb8    000000dc     
                  00000bb8    00000070     driverlib.lib : interrupt.obj (.const)
                  00000c28    0000006c                   : sysctl.obj (.const:g_pui32Xtals)

.cinit     0    00000c98    00000028     
                  00000c98    00000016     (.cinit..data.load) [load image, compression = rle]
                  00000cae    00000002     --HOLE-- [fill = 0]
                  00000cb0    00000008     (__TI_handler_table)
                  00000cb8    00000008     (__TI_cinit_table)

.init_array 
*          0    00000000    00000000     UNINITIALIZED

.stack     0    20000000    00000064     UNINITIALIZED
                  20000000    00000064     --HOLE--

.data      0    20000064    00000020     UNINITIALIZED
                  20000064    0000000c     rtsv7M4_T_le_v4SPD16_eabi.lib : exit.obj (.data:$O1$$)
                  20000070    00000008                                   : _lock.obj (.data:$O1$$)
                  20000078    00000008     main.obj (.data)
                  20000080    00000004     rtsv7M4_T_le_v4SPD16_eabi.lib : stkdepth_vars.obj (.data)

MODULE SUMMARY

       Module                         code   ro data   rw data
       ------                         ----   -------   -------
    .\
       tm4c123gh6pm_startup_ccs.obj   12     620       0      
       main.obj                       304    0         8      
    +--+------------------------------+------+---------+---------+
       Total:                         316    620       8      
                                                              
    H:/ti/TivaWare_C_Series-2.1.2.111/driverlib/ccs/Debug/driverlib.lib
       sysctl.obj                     574    108       0      
       gpio.obj                       402    0         0      
       interrupt.obj                  120    112       0      
       timer.obj                      140    0         0      
       cpu.obj                        12     0         0      
    +--+------------------------------+------+---------+---------+
       Total:                         1248   220       0      
                                                              
    H:\ti\ccsv6\tools\compiler\arm_15.12.3.LTS\lib\rtsv7M4_T_le_v4SPD16_eabi.lib
       memcpy_t2.obj                  156    0         0      
       memset_t2.obj                  122    0         0      
       autoinit.obj                   112    0         0      
       copy_decompress_rle.obj        112    0         0      
       exit.obj                       84     0         12     
       boot.obj                       84     0         0      
       cpy_tbl.obj                    76     0         0      
       _lock.obj                      20     0         8      
       args_main.obj                  24     0         0      
       copy_decompress_none.obj       14     0         0      
       pre_init.obj                   4      0         0      
       stkdepth_vars.obj              0      0         4      
       mpu_init.obj                   2      0         0      
       startup.obj                    2      0         0      
    +--+------------------------------+------+---------+---------+
       Total:                         812    0         24     
                                                              
       Stack:                         0      0         100    
       Linker Generated:              0      38        0      
    +--+------------------------------+------+---------+---------+
       Grand Total:                   2376   878       132    


LINKER GENERATED COPY TABLES

__TI_cinit_table @ 00000cb8 records: 1, size/record: 8, table size: 8
	.data: load addr=00000c98, load size=00000016 bytes, run addr=20000064, run size=00000020 bytes, compression=rle


LINKER GENERATED HANDLER TABLE

__TI_handler_table @ 00000cb0 records: 2, size/record: 4, table size: 8
	index: 0, handler: __TI_decompress_rle24
	index: 1, handler: __TI_decompress_none


GLOBAL SYMBOLS: SORTED ALPHABETICALLY BY Name 

address   name                           
-------   ----                           
000009e5  C$$EXIT                        
00000b79  CPUcpsie                       
00000ab9  GPIODirModeSet                 
0000026d  GPIOPadConfigSet               
00000b99  GPIOPinRead                    
00000b29  GPIOPinTypeGPIOInput           
00000ae3  GPIOPinTypeGPIOOutput          
00000b9f  GPIOPinWrite                   
000008c9  IntEnable                      
00000b4d  IntMasterEnable                
00000b85  ResetISR                       
UNDEFED   SHT$$INIT_ARRAY$$Base          
UNDEFED   SHT$$INIT_ARRAY$$Limit         
000004d1  SysCtlClockGet                 
000005e1  SysCtlClockSet                 
00000ba5  SysCtlDelay                    
00000a85  SysCtlPeripheralEnable         
00000421  Timer0IntHandler               
00000931  TimerConfigure                 
00000b5d  TimerEnable                    
00000bb1  TimerIntClear                  
00000b91  TimerIntEnable                 
00000b3b  TimerLoadSet                   
20000064  __STACK_END                    
00000064  __STACK_SIZE                   
20000200  __STACK_TOP                    
00000cb8  __TI_CINIT_Base                
00000cc0  __TI_CINIT_Limit               
00000cb0  __TI_Handler_Table_Base        
00000cb8  __TI_Handler_Table_Limit       
000007ed  __TI_auto_init                 
20000064  __TI_cleanup_ptr               
00000b6b  __TI_decompress_none           
00000bab  __TI_decompress_rle24          
20000068  __TI_dtors_ptr                 
2000006c  __TI_enable_exit_profile_output
ffffffff  __TI_pprof_out_hndl            
ffffffff  __TI_prof_data_size            
ffffffff  __TI_prof_data_start           
00000000  __TI_static_base__             
00000771  __aeabi_memclr                 
00000771  __aeabi_memclr4                
00000771  __aeabi_memclr8                
000006d5  __aeabi_memcpy                 
000006d5  __aeabi_memcpy4                
000006d5  __aeabi_memcpy8                
00000773  __aeabi_memset                 
00000773  __aeabi_memset4                
00000773  __aeabi_memset8                
ffffffff  __binit__                      
ffffffff  __c_args__                     
0000039f  __mpu_init                     
20000000  __stack                        
00000afd  _args_main                     
00000991  _c_int00                       
20000070  _lock                          
00000b23  _nop                           
00000b1b  _register_lock                 
00000b15  _register_unlock               
000007eb  _system_post_cinit             
00000bb5  _system_pre_init               
20000074  _unlock                        
000009e9  abort                          
ffffffff  binit                          
00000a39  copy_in                        
2000007c  count                          
000009f1  exit                           
20000078  flag                           
00000000  g_pfnVectors                   
000003c3  main                           
20000080  main_func_sp                   
000006d5  memcpy                         
00000779  memset                         
000003a1  switchPinConfig                


GLOBAL SYMBOLS: SORTED BY Symbol Address 

address   name                           
-------   ----                           
00000000  __TI_static_base__             
00000000  g_pfnVectors                   
00000064  __STACK_SIZE                   
0000026d  GPIOPadConfigSet               
0000039f  __mpu_init                     
000003a1  switchPinConfig                
000003c3  main                           
00000421  Timer0IntHandler               
000004d1  SysCtlClockGet                 
000005e1  SysCtlClockSet                 
000006d5  __aeabi_memcpy                 
000006d5  __aeabi_memcpy4                
000006d5  __aeabi_memcpy8                
000006d5  memcpy                         
00000771  __aeabi_memclr                 
00000771  __aeabi_memclr4                
00000771  __aeabi_memclr8                
00000773  __aeabi_memset                 
00000773  __aeabi_memset4                
00000773  __aeabi_memset8                
00000779  memset                         
000007eb  _system_post_cinit             
000007ed  __TI_auto_init                 
000008c9  IntEnable                      
00000931  TimerConfigure                 
00000991  _c_int00                       
000009e5  C$$EXIT                        
000009e9  abort                          
000009f1  exit                           
00000a39  copy_in                        
00000a85  SysCtlPeripheralEnable         
00000ab9  GPIODirModeSet                 
00000ae3  GPIOPinTypeGPIOOutput          
00000afd  _args_main                     
00000b15  _register_unlock               
00000b1b  _register_lock                 
00000b23  _nop                           
00000b29  GPIOPinTypeGPIOInput           
00000b3b  TimerLoadSet                   
00000b4d  IntMasterEnable                
00000b5d  TimerEnable                    
00000b6b  __TI_decompress_none           
00000b79  CPUcpsie                       
00000b85  ResetISR                       
00000b91  TimerIntEnable                 
00000b99  GPIOPinRead                    
00000b9f  GPIOPinWrite                   
00000ba5  SysCtlDelay                    
00000bab  __TI_decompress_rle24          
00000bb1  TimerIntClear                  
00000bb5  _system_pre_init               
00000cb0  __TI_Handler_Table_Base        
00000cb8  __TI_CINIT_Base                
00000cb8  __TI_Handler_Table_Limit       
00000cc0  __TI_CINIT_Limit               
20000000  __stack                        
20000064  __STACK_END                    
20000064  __TI_cleanup_ptr               
20000068  __TI_dtors_ptr                 
2000006c  __TI_enable_exit_profile_output
20000070  _lock                          
20000074  _unlock                        
20000078  flag                           
2000007c  count                          
20000080  main_func_sp                   
20000200  __STACK_TOP                    
ffffffff  __TI_pprof_out_hndl            
ffffffff  __TI_prof_data_size            
ffffffff  __TI_prof_data_start           
ffffffff  __binit__                      
ffffffff  __c_args__                     
ffffffff  binit                          
UNDEFED   SHT$$INIT_ARRAY$$Base          
UNDEFED   SHT$$INIT_ARRAY$$Limit         

[74 symbols]
